Slide name --- Ppt name predicted02_470.jpg 09_15ppt.jpg02_471.jpg 09_15ppt.jpg02_474.jpg 09_15ppt.jpg02_473.jpg 09_15ppt.jpg02_472.jpg 09_15ppt.jpg09_330.jpg 09_18ppt.jpg09_331.jpg 09_18ppt.jpg09_333.jpg 09_18ppt.jpg09_332.jpg 09_18ppt.jpg09_260.jpg 02_38ppt.jpg09_261.jpg 08_18ppt.jpg09_264.jpg 09_7ppt.jpg09_266.jpg 02_38ppt.jpg09_263.jpg 02_38ppt.jpg09_265.jpg 09_9ppt.jpg09_262.jpg 02_38ppt.jpg09_220.jpg 08_5ppt.jpg09_221.jpg 09_1ppt.jpg09_224.jpg 08_5ppt.jpg09_223.jpg 09_23ppt.jpg09_222.jpg 09_9ppt.jpg09_10.jpg 09_18ppt.jpg09_11.jpg 09_23ppt.jpg09_14.jpg 09_23ppt.jpg09_13.jpg 09_14ppt.jpg09_12.jpg 09_14ppt.jpg09_230.jpg 08_15ppt.jpg09_233.jpg 09_29ppt.jpg09_232.jpg 08_18ppt.jpg09_170.jpg 08_1ppt.jpg09_171.jpg 09_19ppt.jpg09_173.jpg 14_2ppt.jpg09_172.jpg 08_1ppt.jpg12_144.jpg 12_15ppt.jpg12_143.jpg 12_15ppt.jpg12_142.jpg 12_15ppt.jpg09_90.jpg 09_23ppt.jpg09_91.jpg 09_23ppt.jpg09_94.jpg 08_18ppt.jpg09_96.jpg 09_23ppt.jpg09_97.jpg 09_23ppt.jpg09_98.jpg 09_23ppt.jpg09_93.jpg 08_11ppt.jpg09_99.jpg 09_23ppt.jpg09_95.jpg 09_23ppt.jpg09_92.jpg 09_23ppt.jpg02_190.jpg 14_14ppt.jpg02_191.jpg 02_26ppt.jpg02_194.jpg 14_14ppt.jpg02_193.jpg 14_14ppt.jpg09_50.jpg 09_9ppt.jpg09_51.jpg 09_9ppt.jpg09_54.jpg 09_1ppt.jpg09_53.jpg 09_1ppt.jpg09_52.jpg 09_1ppt.jpg08_150.jpg 09_22ppt.jpg08_151.jpg 09_22ppt.jpg08_154.jpg 09_22ppt.jpg08_153.jpg 09_22ppt.jpg08_152.jpg 09_22ppt.jpg09_141.jpg 09_9ppt.jpg09_143.jpg 08_18ppt.jpg09_142.jpg 09_33ppt.jpg09_154.jpg 08_18ppt.jpg09_153.jpg 08_5ppt.jpg03_290.jpg 02_16ppt.jpg03_291.jpg 09_19ppt.jpg03_293.jpg 14_14ppt.jpg09_180.jpg 08_16ppt.jpg09_183.jpg 08_16ppt.jpg14_70.jpg 12_15ppt.jpg14_718.jpg 12_15ppt.jpg14_71.jpg 12_15ppt.jpg14_716.jpg 12_15ppt.jpg14_717.jpg 12_15ppt.jpg14_74.jpg 02_22ppt.jpg14_710.jpg 02_22ppt.jpg14_713.jpg 12_15ppt.jpg14_76.jpg 12_15ppt.jpg14_712.jpg 12_15ppt.jpg14_77.jpg 12_15ppt.jpg14_78.jpg 02_22ppt.jpg14_73.jpg 12_15ppt.jpg14_79.jpg 12_15ppt.jpg14_711.jpg 12_15ppt.jpg14_75.jpg 02_22ppt.jpg14_715.jpg 02_22ppt.jpg14_719.jpg 12_15ppt.jpg14_72.jpg 12_15ppt.jpg09_30.jpg 08_18ppt.jpg09_31.jpg 08_18ppt.jpg09_34.jpg 08_18ppt.jpg09_33.jpg 08_18ppt.jpg09_32.jpg 08_18ppt.jpg08_30.jpg 08_18ppt.jpg08_31.jpg 08_18ppt.jpg08_34.jpg 08_18ppt.jpg08_36.jpg 08_18ppt.jpg08_37.jpg 08_18ppt.jpg08_38.jpg 08_18ppt.jpg08_33.jpg 08_18ppt.jpg08_39.jpg 08_18ppt.jpg08_35.jpg 09_13ppt.jpg08_32.jpg 08_18ppt.jpg09_270.jpg 09_6ppt.jpg09_271.jpg 09_6ppt.jpg09_274.jpg 09_6ppt.jpg09_273.jpg 09_6ppt.jpg09_272.jpg 09_6ppt.jpg08_100.jpg 09_25ppt.jpg08_101.jpg 09_25ppt.jpg08_104.jpg 09_25ppt.jpg08_103.jpg 09_25ppt.jpg08_102.jpg 09_25ppt.jpg09_290.jpg 09_25ppt.jpg09_294.jpg 09_25ppt.jpg09_293.jpg 09_25ppt.jpg09_292.jpg 09_23ppt.jpg08_90.jpg 08_12ppt.jpg08_91.jpg 08_12ppt.jpg08_94.jpg 09_9ppt.jpg08_93.jpg 09_33ppt.jpg08_92.jpg 08_12ppt.jpg09_111.jpg 08_11ppt.jpg09_112.jpg 09_23ppt.jpg09_350.jpg 02_42ppt.jpg09_354.jpg 08_18ppt.jpg09_300.jpg 08_5ppt.jpg09_301.jpg 02_16ppt.jpg09_304.jpg 09_19ppt.jpg09_303.jpg 09_19ppt.jpg09_302.jpg 08_2ppt.jpg03_12.jpg 14_28ppt.jpg09_130.jpg 08_18ppt.jpg09_131.jpg 08_18ppt.jpg09_134.jpg 08_18ppt.jpg09_133.jpg 08_18ppt.jpg09_132.jpg 08_18ppt.jpg08_160.jpg 09_19ppt.jpg08_161.jpg 09_25ppt.jpg08_164.jpg 09_32ppt.jpg08_167.jpg 09_20ppt.jpg08_168.jpg 09_20ppt.jpg08_163.jpg 09_19ppt.jpg08_169.jpg 09_20ppt.jpg08_165.jpg 09_20ppt.jpg08_162.jpg 09_9ppt.jpg08_120.jpg 08_18ppt.jpg08_121.jpg 08_18ppt.jpg08_124.jpg 08_15ppt.jpg08_127.jpg 08_18ppt.jpg08_128.jpg 08_18ppt.jpg08_123.jpg 08_18ppt.jpg08_122.jpg 08_18ppt.jpg08_170.jpg 08_18ppt.jpg08_171.jpg 08_18ppt.jpg08_174.jpg 08_18ppt.jpg08_176.jpg 12_8ppt.jpg08_177.jpg 08_18ppt.jpg08_178.jpg 08_18ppt.jpg08_173.jpg 08_18ppt.jpg08_179.jpg 12_8ppt.jpg08_175.jpg 08_18ppt.jpg08_172.jpg 08_18ppt.jpg09_71.jpg 08_15ppt.jpg09_74.jpg 08_18ppt.jpg03_51.jpg 02_16ppt.jpg03_52.jpg 02_16ppt.jpg08_00.jpg 09_8ppt.jpg08_02.jpg 09_8ppt.jpg09_00.jpg 09_29ppt.jpg09_01.jpg 09_29ppt.jpg09_02.jpg 09_29ppt.jpg03_310.jpg 08_2ppt.jpg02_452.jpg 09_22ppt.jpg08_70.jpg 08_5ppt.jpg08_71.jpg 08_5ppt.jpg08_74.jpg 09_29ppt.jpg08_73.jpg 09_29ppt.jpg08_72.jpg 09_29ppt.jpg09_250.jpg 08_1ppt.jpg09_251.jpg 08_2ppt.jpg09_254.jpg 08_1ppt.jpg09_253.jpg 08_2ppt.jpg09_252.jpg 08_2ppt.jpg02_167.jpg 09_23ppt.jpg09_313.jpg 08_18ppt.jpg09_312.jpg 08_18ppt.jpg08_180.jpg 09_23ppt.jpg08_184.jpg 09_23ppt.jpg08_183.jpg 09_23ppt.jpg08_182.jpg 09_23ppt.jpg08_50.jpg 09_18ppt.jpg08_51.jpg 09_23ppt.jpg08_54.jpg 09_18ppt.jpg08_53.jpg 09_23ppt.jpg08_52.jpg 09_23ppt.jpg12_50.jpg 12_6ppt.jpg12_51.jpg 12_6ppt.jpg12_54.jpg 12_6ppt.jpg12_56.jpg 09_22ppt.jpg12_58.jpg 12_6ppt.jpg12_53.jpg 12_6ppt.jpg12_52.jpg 12_6ppt.jpg12_160.jpg 12_15ppt.jpg12_161.jpg 12_15ppt.jpg12_164.jpg 12_15ppt.jpg12_163.jpg 12_15ppt.jpg12_162.jpg 12_15ppt.jpg08_130.jpg 08_2ppt.jpg08_131.jpg 08_18ppt.jpg08_134.jpg 08_18ppt.jpg08_133.jpg 09_35ppt.jpg08_132.jpg 08_15ppt.jpg08_40.jpg 09_32ppt.jpg08_44.jpg 09_32ppt.jpg08_46.jpg 09_32ppt.jpg08_47.jpg 09_32ppt.jpg08_48.jpg 09_32ppt.jpg08_49.jpg 09_32ppt.jpg08_45.jpg 09_32ppt.jpg08_42.jpg 08_5ppt.jpg08_111.jpg 09_14ppt.jpg08_114.jpg 09_14ppt.jpg08_116.jpg 09_1ppt.jpg08_118.jpg 09_1ppt.jpg08_115.jpg 09_1ppt.jpg08_112.jpg 09_14ppt.jpg09_240.jpg 08_18ppt.jpg09_241.jpg 08_18ppt.jpg09_244.jpg 08_18ppt.jpg09_243.jpg 08_18ppt.jpg09_242.jpg 08_18ppt.jpg03_251.jpg 02_22ppt.jpg09_80.jpg 08_12ppt.jpg09_81.jpg 08_12ppt.jpg09_84.jpg 08_12ppt.jpg09_83.jpg 08_12ppt.jpg09_82.jpg 08_12ppt.jpg08_200.jpg 09_14ppt.jpg08_201.jpg 08_18ppt.jpg08_204.jpg 09_14ppt.jpg08_203.jpg 09_14ppt.jpg08_202.jpg 09_14ppt.jpg02_490.jpg 03_2ppt.jpg02_494.jpg 03_2ppt.jpg02_493.jpg 03_2ppt.jpg02_492.jpg 03_2ppt.jpg08_11.jpg 14_14ppt.jpg08_14.jpg 08_17ppt.jpg08_13.jpg 14_14ppt.jpg08_12.jpg 14_23ppt.jpg09_214.jpg 08_7ppt.jpg09_213.jpg 08_5ppt.jpg09_212.jpg 09_22ppt.jpg08_140.jpg 08_12ppt.jpg08_141.jpg 08_12ppt.jpg08_144.jpg 08_12ppt.jpg08_143.jpg 08_18ppt.jpg08_142.jpg 09_8ppt.jpg03_31.jpg 09_25ppt.jpg09_61.jpg 08_1ppt.jpg09_64.jpg 08_1ppt.jpg09_63.jpg 08_1ppt.jpg09_62.jpg 08_1ppt.jpg09_20.jpg 08_2ppt.jpg09_21.jpg 08_2ppt.jpg09_24.jpg 09_8ppt.jpg09_23.jpg 08_2ppt.jpg09_22.jpg 08_2ppt.jpg09_40.jpg 14_14ppt.jpg09_41.jpg 14_14ppt.jpg09_44.jpg 09_23ppt.jpg09_43.jpg 14_14ppt.jpg09_42.jpg 09_23ppt.jpg09_190.jpg 08_2ppt.jpg09_191.jpg 08_2ppt.jpg09_194.jpg 08_2ppt.jpg09_193.jpg 08_2ppt.jpg12_91.jpg 12_15ppt.jpg08_80.jpg 08_18ppt.jpg08_81.jpg 08_16ppt.jpg08_84.jpg 08_16ppt.jpg08_83.jpg 08_18ppt.jpg08_82.jpg 08_18ppt.jpg08_60.jpg 09_23ppt.jpg08_61.jpg 09_23ppt.jpg08_64.jpg 09_9ppt.jpg08_63.jpg 14_14ppt.jpg08_62.jpg 09_23ppt.jpg09_280.jpg 02_38ppt.jpg09_281.jpg 08_16ppt.jpg09_284.jpg 02_38ppt.jpg09_283.jpg 02_38ppt.jpg09_282.jpg 02_38ppt.jpg09_124.jpg 08_18ppt.jpg09_126.jpg 08_18ppt.jpg09_125.jpg 09_1ppt.jpg09_122.jpg 02_16ppt.jpg09_160.jpg 09_23ppt.jpg09_161.jpg 09_23ppt.jpg09_164.jpg 09_23ppt.jpg09_162.jpg 08_18ppt.jpg09_320.jpg 09_13ppt.jpg09_321.jpg 08_1ppt.jpg09_324.jpg 08_1ppt.jpg09_323.jpg 09_13ppt.jpg09_322.jpg 08_1ppt.jpg